// Jest Snapshot v1, https://goo.gl/fbAQLP

exports[`Header Snapshot Comprobar la UI del componente Header 1`] = `
<div
  className="Header-container"
>
  <div
    className="Header-title"
  >
    <h1>
      Ejercicio Web
    </h1>
    <h2>
      PÃ¡gina creada con HTML5
    </h2>
  </div>
  <div
    className="Navbar"
  >
    <ul>
      <li
        className="Active"
      >
        Home
      </li>
      <li>
        Acerca de
      </li>
      <li>
        Portfolio
      </li>
      <li>
        Blog
      </li>
      <li>
        Contacto
      </li>
    </ul>
  </div>
</div>
`;
